=========================================
      主机 redhat.lan.catalystovo.com 巡检报告
=========================================

[系统基础信息]
主机名: redhat
系统: RedHat 10.2
内核: 6.12.0-211.49.1.el10_2.aarch64
总内存: 1695 MB
CPU核数: 2

[路由及协议概览]
BGP 路由条目数: 0
OSPF 路由条目数: 26

[BGP Peer 状态]
BGP Peer 总数: 0
- 无建立的 BGP Peer

[OSPF 状态及邻居]
Router ID: 10.255.0.4
OSPF 区域数: 1
外部 LSA 数: 18
OSPF 邻居总数: 2
- Router ID: 10.255.0.3 | 接口 IP: 192.168.20.1 | 物理接口: enp0s5:192.168.20.2 | 状态/角色: Full/DROther/DROther | 建立时间: 21h15m44s
- Router ID: 10.255.0.2 | 接口 IP: 192.168.20.254 | 物理接口: enp0s5:192.168.20.2 | 状态/角色: Full/Backup/Backup | 建立时间: 2d00h41m

[运行服务清单]
  auditd.service           loaded active running Security Audit Logging Service
  chronyd.service          loaded active running NTP client/server
  crond.service            loaded active running Command Scheduler
  dbus-broker.service      loaded active running D-Bus System Message Bus
  firewalld.service        loaded active running firewalld - dynamic firewall daemon
  frr.service              loaded active running FRRouting
  fwupd.service            loaded active running Firmware update daemon
  getty@tty1.service       loaded active running Getty on tty1
  irqbalance.service       loaded active running irqbalance daemon
  named.service            loaded active running Berkeley Internet Name Domain (DNS)
  NetworkManager.service   loaded active running Network Manager
  polkit.service           loaded active running Authorization Manager
  rhsmcertd.service        loaded active running Enable periodic update of entitlement certificates.
  rsyslog.service          loaded active running System Logging Service
  sshd.service             loaded active running OpenSSH server daemon
  sssd-kcm.service         loaded active running SSSD Kerberos Cache Manager
  systemd-journald.service loaded active running Journal Service
  systemd-logind.service   loaded active running User Login Management
  systemd-udevd.service    loaded active running Rule-based Manager for Device Events and Files
  systemd-userdbd.service  loaded active running User Database Manager
  udisks2.service          loaded active running Disk Manager
  user@0.service           loaded active running User Manager for UID 0
  zabbix-agent.service     loaded active running Zabbix Agent
